Archive member included because of file (symbol)

C:\LPC1769\LPC1769\CMSISv2p00_LPC17xx\Debug\libCMSISv2p00_LPC17xx.a(system_LPC17xx.o)
                              ./src/cr_startup_lpc176x.o (SystemInit)
c:/nxp/lpcxpresso_6.1.4_194/lpcxpresso/tools/bin/../lib/gcc/arm-none-eabi/4.6.2/../../../../arm-none-eabi/lib/armv7-m\libcr_c.a(__weak__main.o)
                              ./src/cr_startup_lpc176x.o (__main)
c:/nxp/lpcxpresso_6.1.4_194/lpcxpresso/tools/bin/../lib/gcc/arm-none-eabi/4.6.2/armv7-m\libcr_eabihelpers.a(division.o)
                              C:\LPC1769\LPC1769\CMSISv2p00_LPC17xx\Debug\libCMSISv2p00_LPC17xx.a(system_LPC17xx.o) (__aeabi_uldivmod)

Discarded input sections

 .text          0x00000000        0x0 ./src/cr_startup_lpc176x.o
 .data          0x00000000        0x0 ./src/cr_startup_lpc176x.o
 .bss           0x00000000        0x0 ./src/cr_startup_lpc176x.o
 .text          0x00000000        0x0 ./src/leds.o
 .data          0x00000000        0x0 ./src/leds.o
 .bss           0x00000000        0x0 ./src/leds.o
 .text.led2_on  0x00000000       0x18 ./src/leds.o
 .text.led2_off
                0x00000000       0x18 ./src/leds.o
 .text          0x00000000        0x0 ./src/timer.o
 .data          0x00000000        0x0 ./src/timer.o
 .bss           0x00000000        0x0 ./src/timer.o
 .text.disable_timer
                0x00000000       0x68 ./src/timer.o
 .text.reset_timer
                0x00000000       0xac ./src/timer.o
 .text          0x00000000        0x0 ./src/timer_irq.o
 .data          0x00000000        0x0 ./src/timer_irq.o
 .bss           0x00000000        0x0 ./src/timer_irq.o
 .text          0x00000000        0x0 ./src/timer_main.o
 .data          0x00000000        0x0 ./src/timer_main.o
 .bss           0x00000000        0x0 ./src/timer_main.o
 .text          0x00000000        0x0 C:\LPC1769\LPC1769\CMSISv2p00_LPC17xx\Debug\libCMSISv2p00_LPC17xx.a(system_LPC17xx.o)
 .data          0x00000000        0x0 C:\LPC1769\LPC1769\CMSISv2p00_LPC17xx\Debug\libCMSISv2p00_LPC17xx.a(system_LPC17xx.o)
 .bss           0x00000000        0x0 C:\LPC1769\LPC1769\CMSISv2p00_LPC17xx\Debug\libCMSISv2p00_LPC17xx.a(system_LPC17xx.o)
 .text.SystemCoreClockUpdate
                0x00000000       0xcc C:\LPC1769\LPC1769\CMSISv2p00_LPC17xx\Debug\libCMSISv2p00_LPC17xx.a(system_LPC17xx.o)
 .text          0x00000000        0x0 c:/nxp/lpcxpresso_6.1.4_194/lpcxpresso/tools/bin/../lib/gcc/arm-none-eabi/4.6.2/../../../../arm-none-eabi/lib/armv7-m\libcr_c.a(__weak__main.o)
 .data          0x00000000        0x0 c:/nxp/lpcxpresso_6.1.4_194/lpcxpresso/tools/bin/../lib/gcc/arm-none-eabi/4.6.2/../../../../arm-none-eabi/lib/armv7-m\libcr_c.a(__weak__main.o)
 .bss           0x00000000        0x0 c:/nxp/lpcxpresso_6.1.4_194/lpcxpresso/tools/bin/../lib/gcc/arm-none-eabi/4.6.2/../../../../arm-none-eabi/lib/armv7-m\libcr_c.a(__weak__main.o)
 .text          0x00000000        0x0 c:/nxp/lpcxpresso_6.1.4_194/lpcxpresso/tools/bin/../lib/gcc/arm-none-eabi/4.6.2/armv7-m\libcr_eabihelpers.a(division.o)
 .data          0x00000000        0x0 c:/nxp/lpcxpresso_6.1.4_194/lpcxpresso/tools/bin/../lib/gcc/arm-none-eabi/4.6.2/armv7-m\libcr_eabihelpers.a(division.o)
 .bss           0x00000000        0x0 c:/nxp/lpcxpresso_6.1.4_194/lpcxpresso/tools/bin/../lib/gcc/arm-none-eabi/4.6.2/armv7-m\libcr_eabihelpers.a(division.o)
 .text.__aeabi_division_idiv
                0x00000000       0x10 c:/nxp/lpcxpresso_6.1.4_194/lpcxpresso/tools/bin/../lib/gcc/arm-none-eabi/4.6.2/armv7-m\libcr_eabihelpers.a(division.o)
 .text.__aeabi_division_idivmod
                0x00000000       0x16 c:/nxp/lpcxpresso_6.1.4_194/lpcxpresso/tools/bin/../lib/gcc/arm-none-eabi/4.6.2/armv7-m\libcr_eabihelpers.a(division.o)
 .text.__aeabi_division_uidiv
                0x00000000       0x10 c:/nxp/lpcxpresso_6.1.4_194/lpcxpresso/tools/bin/../lib/gcc/arm-none-eabi/4.6.2/armv7-m\libcr_eabihelpers.a(division.o)
 .text.__aeabi_division_uidivmod
                0x00000000       0x16 c:/nxp/lpcxpresso_6.1.4_194/lpcxpresso/tools/bin/../lib/gcc/arm-none-eabi/4.6.2/armv7-m\libcr_eabihelpers.a(division.o)
 .text.__aeabi_division_ldivmod
                0x00000000       0x26 c:/nxp/lpcxpresso_6.1.4_194/lpcxpresso/tools/bin/../lib/gcc/arm-none-eabi/4.6.2/armv7-m\libcr_eabihelpers.a(division.o)
 .text.__aeabi_division_uldivmod
                0x00000000      0x174 c:/nxp/lpcxpresso_6.1.4_194/lpcxpresso/tools/bin/../lib/gcc/arm-none-eabi/4.6.2/armv7-m\libcr_eabihelpers.a(division.o)
 .text.__aeabi_division_idiv0
                0x00000000        0x2 c:/nxp/lpcxpresso_6.1.4_194/lpcxpresso/tools/bin/../lib/gcc/arm-none-eabi/4.6.2/armv7-m\libcr_eabihelpers.a(division.o)
 .text.__aeabi_division_ldiv0
                0x00000000        0x2 c:/nxp/lpcxpresso_6.1.4_194/lpcxpresso/tools/bin/../lib/gcc/arm-none-eabi/4.6.2/armv7-m\libcr_eabihelpers.a(division.o)

Memory Configuration

Name             Origin             Length             Attributes
MFlash512        0x00000000         0x00080000         xr
RamLoc32         0x10000000         0x00008000         xrw
RamAHB32         0x2007c000         0x00008000         xrw
*default*        0x00000000         0xffffffff

Linker script and memory map

LOAD ./src/cr_startup_lpc176x.o
LOAD ./src/leds.o
LOAD ./src/timer.o
LOAD ./src/timer_irq.o
LOAD ./src/timer_main.o
LOAD C:\LPC1769\LPC1769\CMSISv2p00_LPC17xx\Debug\libCMSISv2p00_LPC17xx.a
START GROUP
LOAD c:/nxp/lpcxpresso_6.1.4_194/lpcxpresso/tools/bin/../lib/gcc/arm-none-eabi/4.6.2/../../../../arm-none-eabi/lib/armv7-m\libcr_c.a
LOAD c:/nxp/lpcxpresso_6.1.4_194/lpcxpresso/tools/bin/../lib/gcc/arm-none-eabi/4.6.2/armv7-m\libcr_eabihelpers.a
END GROUP
                0x00080000                __top_MFlash512 = 0x80000
                0x10008000                __top_RamLoc32 = 0x10008000
                0x20084000                __top_RamAHB32 = 0x20084000

.text           0x00000000      0x7f4
 FILL mask 0xff
                0x00000000                __vectors_start__ = ABSOLUTE (.)
 *(.isr_vector)
 .isr_vector    0x00000000       0xcc ./src/cr_startup_lpc176x.o
                0x00000000                g_pfnVectors
                0x000000cc                . = ALIGN (0x4)
                0x000000cc                __section_table_start = .
                0x000000cc                __data_section_table = .
                0x000000cc        0x4 LONG 0x7f4 LOADADDR (.data)
                0x000000d0        0x4 LONG 0x10000000 ADDR (.data)
                0x000000d4        0x4 LONG 0x4 SIZEOF (.data)
                0x000000d8        0x4 LONG 0x7f4 LOADADDR (.data_RAM2)
                0x000000dc        0x4 LONG 0x2007c000 ADDR (.data_RAM2)
                0x000000e0        0x4 LONG 0x0 SIZEOF (.data_RAM2)
                0x000000e4                __data_section_table_end = .
                0x000000e4                __bss_section_table = .
                0x000000e4        0x4 LONG 0x10000004 ADDR (.bss)
                0x000000e8        0x4 LONG 0x14 SIZEOF (.bss)
                0x000000ec        0x4 LONG 0x2007c000 ADDR (.bss_RAM2)
                0x000000f0        0x4 LONG 0x0 SIZEOF (.bss_RAM2)
                0x000000f4                __bss_section_table_end = .
                0x000000f4                __section_table_end = .
 *(.after_vectors*)
 .after_vectors
                0x000000f4       0x78 ./src/cr_startup_lpc176x.o
                0x000000f4                NMI_Handler
                0x000000f6                HardFault_Handler
                0x000000f8                MemManage_Handler
                0x000000fa                BusFault_Handler
                0x000000fc                UsageFault_Handler
                0x000000fe                SVCall_Handler
                0x00000100                DebugMon_Handler
                0x00000102                PendSV_Handler
                0x00000104                SysTick_Handler
                0x00000106                data_init
                0x00000118                bss_init
                0x00000128                ResetISR
                0x00000168                UART1_IRQHandler
                0x00000168                EINT3_IRQHandler
                0x00000168                CANActivity_IRQHandler
                0x00000168                UART0_IRQHandler
                0x00000168                EINT2_IRQHandler
                0x00000168                I2C0_IRQHandler
                0x00000168                IntDefaultHandler
                0x00000168                PLL0_IRQHandler
                0x00000168                I2C1_IRQHandler
                0x00000168                PLL1_IRQHandler
                0x00000168                SSP0_IRQHandler
                0x00000168                I2S_IRQHandler
                0x00000168                I2C2_IRQHandler
                0x00000168                RTC_IRQHandler
                0x00000168                SPI_IRQHandler
                0x00000168                PWM1_IRQHandler
                0x00000168                EINT1_IRQHandler
                0x00000168                UART2_IRQHandler
                0x00000168                ADC_IRQHandler
                0x00000168                SSP1_IRQHandler
                0x00000168                USB_IRQHandler
                0x00000168                BOD_IRQHandler
                0x00000168                RIT_IRQHandler
                0x00000168                WDT_IRQHandler
                0x00000168                QEI_IRQHandler
                0x00000168                EINT0_IRQHandler
                0x00000168                USBActivity_IRQHandler
                0x00000168                DMA_IRQHandler
                0x00000168                CAN_IRQHandler
                0x00000168                UART3_IRQHandler
                0x00000168                MCPWM_IRQHandler
                0x00000168                ENET_IRQHandler
                0x000002fc                . = 0x2fc
 *fill*         0x0000016c      0x190 ff
                0x000002fc                PROVIDE (__CRP_WORD_START__, .)
 *(.crp)
 .crp           0x000002fc        0x4 ./src/timer_main.o
                0x000002fc                CRP_WORD
                0x00000300                PROVIDE (__CRP_WORD_END__, .)
                0x00000001                ASSERT (! ((__CRP_WORD_START__ == __CRP_WORD_END__)), Linker CRP Enabled, but no CRP_WORD provided within application)
 *(.text*)
 .text.led2_init
                0x00000300       0x3c ./src/leds.o
                0x00000300                led2_init
 .text.led2_invert
                0x0000033c       0x40 ./src/leds.o
                0x0000033c                led2_invert
 .text.NVIC_EnableIRQ
                0x0000037c       0x38 ./src/timer.o
 .text.enable_timer
                0x000003b4       0x68 ./src/timer.o
                0x000003b4                enable_timer
 .text.init_timer
                0x0000041c       0xec ./src/timer.o
                0x0000041c                init_timer
 .text.TIMER0_IRQHandler
                0x00000508       0x2c ./src/timer_irq.o
                0x00000508                TIMER0_IRQHandler
 .text.TIMER1_IRQHandler
                0x00000534       0x30 ./src/timer_irq.o
                0x00000534                TIMER1_IRQHandler
 .text.TIMER2_IRQHandler
                0x00000564       0x30 ./src/timer_irq.o
                0x00000564                TIMER2_IRQHandler
 .text.TIMER3_IRQHandler
                0x00000594       0x30 ./src/timer_irq.o
                0x00000594                TIMER3_IRQHandler
 .text.main     0x000005c4      0x148 ./src/timer_main.o
                0x000005c4                main
 .text.SystemInit
                0x0000070c       0xe4 C:\LPC1769\LPC1769\CMSISv2p00_LPC17xx\Debug\libCMSISv2p00_LPC17xx.a(system_LPC17xx.o)
                0x0000070c                SystemInit
 .text.__weak_main
                0x000007f0        0x4 c:/nxp/lpcxpresso_6.1.4_194/lpcxpresso/tools/bin/../lib/gcc/arm-none-eabi/4.6.2/../../../../arm-none-eabi/lib/armv7-m\libcr_c.a(__weak__main.o)
                0x000007f0                __weak_main
                0x000007f0                __main
 *(.rodata .rodata.* .constdata .constdata.*)
                0x000007f4                . = ALIGN (0x4)

.glue_7         0x000007f4        0x0
 .glue_7        0x00000000        0x0 linker stubs

.glue_7t        0x000007f4        0x0
 .glue_7t       0x00000000        0x0 linker stubs

.vfp11_veneer   0x000007f4        0x0
 .vfp11_veneer  0x00000000        0x0 linker stubs

.v4_bx          0x000007f4        0x0
 .v4_bx         0x00000000        0x0 linker stubs

.ARM.extab
 *(.ARM.extab* .gnu.linkonce.armextab.*)
                0x000007f4                __exidx_start = .

.ARM.exidx
 *(.ARM.exidx* .gnu.linkonce.armexidx.*)
                0x000007f4                __exidx_end = .
                0x000007f4                _etext = .

.data_RAM2      0x2007c000        0x0 load address 0x000007f4
 FILL mask 0xff
 *(.data.$RAM2*)
 *(.data.$RamAHB32*)
                0x2007c000                . = ALIGN (0x4)

.uninit_RESERVED
                0x10000000        0x0
 *(.bss.$RESERVED*)
                0x10000000                . = ALIGN (0x4)
                0x10000000                _end_uninit_RESERVED = .

.data           0x10000000        0x4 load address 0x000007f4
 FILL mask 0xff
                0x10000000                _data = .
 *(vtable)
 *(.data*)
 .data.SystemCoreClock
                0x10000000        0x4 C:\LPC1769\LPC1769\CMSISv2p00_LPC17xx\Debug\libCMSISv2p00_LPC17xx.a(system_LPC17xx.o)
                0x10000000                SystemCoreClock
                0x10000004                . = ALIGN (0x4)
                0x10000004                _edata = .

.bss_RAM2       0x2007c000        0x0
 *(.bss.$RAM2*)
 *(.bss.$RamAHB32*)
                0x2007c000                . = ALIGN (0x4)

.bss            0x10000004       0x14
                0x10000004                _bss = .
 *(.bss*)
 .bss.timer0_counter
                0x10000004        0x4 ./src/timer.o
                0x10000004                timer0_counter
 .bss.timer1_counter
                0x10000008        0x4 ./src/timer.o
                0x10000008                timer1_counter
 .bss.timer2_counter
                0x1000000c        0x4 ./src/timer.o
                0x1000000c                timer2_counter
 .bss.timer3_counter
                0x10000010        0x4 ./src/timer.o
                0x10000010                timer3_counter
 .bss.i.4793    0x10000014        0x4 ./src/timer_main.o
 *(COMMON)
                0x10000018                . = ALIGN (0x4)
                0x10000018                _ebss = .
                0x10000018                PROVIDE (end, .)

.noinit_RAM2    0x2007c000        0x0
 *(.noinit.$RAM2*)
 *(.noinit.$RamAHB32*)
                0x2007c000                . = ALIGN (0x4)

.noinit         0x10000018        0x0
                0x10000018                _noinit = .
 *(.noinit*)
                0x10000018                . = ALIGN (0x4)
                0x10000018                _end_noinit = .
                0x10000018                PROVIDE (_pvHeapStart, .)
                0x10008000                PROVIDE (_vStackTop, (__top_RamLoc32 - 0x0))
OUTPUT(LPCX176x_cmsis2_timers.axf elf32-littlearm)

.debug_info     0x00000000     0x1836
 .debug_info    0x00000000      0x2dd ./src/cr_startup_lpc176x.o
 .debug_info    0x000002dd      0x5d1 ./src/leds.o
 .debug_info    0x000008ae      0x5b0 ./src/timer.o
 .debug_info    0x00000e5e      0x2a2 ./src/timer_irq.o
 .debug_info    0x00001100      0x3a7 ./src/timer_main.o
 .debug_info    0x000014a7      0x38f C:\LPC1769\LPC1769\CMSISv2p00_LPC17xx\Debug\libCMSISv2p00_LPC17xx.a(system_LPC17xx.o)

.debug_abbrev   0x00000000      0x60a
 .debug_abbrev  0x00000000      0x12b ./src/cr_startup_lpc176x.o
 .debug_abbrev  0x0000012b       0xe6 ./src/leds.o
 .debug_abbrev  0x00000211      0x16b ./src/timer.o
 .debug_abbrev  0x0000037c       0xca ./src/timer_irq.o
 .debug_abbrev  0x00000446       0xe1 ./src/timer_main.o
 .debug_abbrev  0x00000527       0xe3 C:\LPC1769\LPC1769\CMSISv2p00_LPC17xx\Debug\libCMSISv2p00_LPC17xx.a(system_LPC17xx.o)

.debug_loc      0x00000000      0x3d2
 .debug_loc     0x00000000      0x102 ./src/cr_startup_lpc176x.o
 .debug_loc     0x00000102       0xbc ./src/leds.o
 .debug_loc     0x000001be      0x118 ./src/timer.o
 .debug_loc     0x000002d6       0xb0 ./src/timer_irq.o
 .debug_loc     0x00000386       0x2c ./src/timer_main.o
 .debug_loc     0x000003b2       0x20 C:\LPC1769\LPC1769\CMSISv2p00_LPC17xx\Debug\libCMSISv2p00_LPC17xx.a(system_LPC17xx.o)

.debug_aranges  0x00000000      0x178
 .debug_aranges
                0x00000000       0x80 ./src/cr_startup_lpc176x.o
 .debug_aranges
                0x00000080       0x38 ./src/leds.o
 .debug_aranges
                0x000000b8       0x40 ./src/timer.o
 .debug_aranges
                0x000000f8       0x38 ./src/timer_irq.o
 .debug_aranges
                0x00000130       0x20 ./src/timer_main.o
 .debug_aranges
                0x00000150       0x28 C:\LPC1769\LPC1769\CMSISv2p00_LPC17xx\Debug\libCMSISv2p00_LPC17xx.a(system_LPC17xx.o)

.debug_ranges   0x00000000      0x118
 .debug_ranges  0x00000000       0x70 ./src/cr_startup_lpc176x.o
 .debug_ranges  0x00000070       0x28 ./src/leds.o
 .debug_ranges  0x00000098       0x30 ./src/timer.o
 .debug_ranges  0x000000c8       0x28 ./src/timer_irq.o
 .debug_ranges  0x000000f0       0x10 ./src/timer_main.o
 .debug_ranges  0x00000100       0x18 C:\LPC1769\LPC1769\CMSISv2p00_LPC17xx\Debug\libCMSISv2p00_LPC17xx.a(system_LPC17xx.o)

.debug_line     0x00000000     0x178b
 .debug_line    0x00000000      0x3b1 ./src/cr_startup_lpc176x.o
 .debug_line    0x000003b1      0x3c1 ./src/leds.o
 .debug_line    0x00000772      0x40e ./src/timer.o
 .debug_line    0x00000b80      0x3d6 ./src/timer_irq.o
 .debug_line    0x00000f56      0x449 ./src/timer_main.o
 .debug_line    0x0000139f      0x3ec C:\LPC1769\LPC1769\CMSISv2p00_LPC17xx\Debug\libCMSISv2p00_LPC17xx.a(system_LPC17xx.o)

.debug_macinfo  0x00000000    0x2d1bb
 .debug_macinfo
                0x00000000     0x3d45 ./src/cr_startup_lpc176x.o
 .debug_macinfo
                0x00003d45     0x8257 ./src/leds.o
 .debug_macinfo
                0x0000bf9c     0x8259 ./src/timer.o
 .debug_macinfo
                0x000141f5     0x8268 ./src/timer_irq.o
 .debug_macinfo
                0x0001c45d     0x882d ./src/timer_main.o
 .debug_macinfo
                0x00024c8a     0x8531 C:\LPC1769\LPC1769\CMSISv2p00_LPC17xx\Debug\libCMSISv2p00_LPC17xx.a(system_LPC17xx.o)

.debug_str      0x00000000      0xa0e
 .debug_str     0x00000000      0x24a ./src/cr_startup_lpc176x.o
                                0x272 (size before relaxing)
 .debug_str     0x0000024a      0x2a6 ./src/leds.o
                                0x3a0 (size before relaxing)
 .debug_str     0x000004f0      0x31e ./src/timer.o
                                0x445 (size before relaxing)
 .debug_str     0x0000080e       0x5b ./src/timer_irq.o
                                0x1d0 (size before relaxing)
 .debug_str     0x00000869      0x140 ./src/timer_main.o
                                0x28c (size before relaxing)
 .debug_str     0x000009a9       0x65 C:\LPC1769\LPC1769\CMSISv2p00_LPC17xx\Debug\libCMSISv2p00_LPC17xx.a(system_LPC17xx.o)
                                0x29f (size before relaxing)

.comment        0x00000000       0x70
 .comment       0x00000000       0x70 ./src/cr_startup_lpc176x.o
                                 0x71 (size before relaxing)
 .comment       0x00000000       0x71 ./src/leds.o
 .comment       0x00000000       0x71 ./src/timer.o
 .comment       0x00000000       0x71 ./src/timer_irq.o
 .comment       0x00000000       0x71 ./src/timer_main.o
 .comment       0x00000000       0x71 C:\LPC1769\LPC1769\CMSISv2p00_LPC17xx\Debug\libCMSISv2p00_LPC17xx.a(system_LPC17xx.o)
 .comment       0x00000000       0x71 c:/nxp/lpcxpresso_6.1.4_194/lpcxpresso/tools/bin/../lib/gcc/arm-none-eabi/4.6.2/../../../../arm-none-eabi/lib/armv7-m\libcr_c.a(__weak__main.o)

.ARM.attributes
                0x00000000       0x31
 .ARM.attributes
                0x00000000       0x33 ./src/cr_startup_lpc176x.o
 .ARM.attributes
                0x00000033       0x33 ./src/leds.o
 .ARM.attributes
                0x00000066       0x33 ./src/timer.o
 .ARM.attributes
                0x00000099       0x33 ./src/timer_irq.o
 .ARM.attributes
                0x000000cc       0x33 ./src/timer_main.o
 .ARM.attributes
                0x000000ff       0x33 C:\LPC1769\LPC1769\CMSISv2p00_LPC17xx\Debug\libCMSISv2p00_LPC17xx.a(system_LPC17xx.o)
 .ARM.attributes
                0x00000132       0x33 c:/nxp/lpcxpresso_6.1.4_194/lpcxpresso/tools/bin/../lib/gcc/arm-none-eabi/4.6.2/../../../../arm-none-eabi/lib/armv7-m\libcr_c.a(__weak__main.o)
 .ARM.attributes
                0x00000165       0x21 c:/nxp/lpcxpresso_6.1.4_194/lpcxpresso/tools/bin/../lib/gcc/arm-none-eabi/4.6.2/armv7-m\libcr_eabihelpers.a(division.o)

.debug_frame    0x00000000      0x2f0
 .debug_frame   0x00000000       0xf4 ./src/cr_startup_lpc176x.o
 .debug_frame   0x000000f4       0x74 ./src/leds.o
 .debug_frame   0x00000168       0xa0 ./src/timer.o
 .debug_frame   0x00000208       0x80 ./src/timer_irq.o
 .debug_frame   0x00000288       0x2c ./src/timer_main.o
 .debug_frame   0x000002b4       0x3c C:\LPC1769\LPC1769\CMSISv2p00_LPC17xx\Debug\libCMSISv2p00_LPC17xx.a(system_LPC17xx.o)
