Archive member included because of file (symbol)

C:\Users\Anonymous\Documents\GitHub\LPC1769\CMSISv2_LPC17xx\Debug\libCMSISv2_LPC17xx.a(system_LPC17xx.o)
                              ./src/main.o (SystemFrequency)
c:/nxp/lpcxpresso_6.1.2_177/lpcxpresso/tools/bin/../lib/gcc/arm-none-eabi/4.6.2/../../../../arm-none-eabi/lib/armv7-m\libcr_c.a(__weak__main.o)
                              ./src/cr_startup_lpc175x_6x.o (__main)

Allocating common symbols
Common symbol       size              file

UART1Buffer         0x40              ./src/uart.o
UART0Buffer         0x40              ./src/uart.o
UART1Status         0x4               ./src/uart.o
msTicks             0x4               ./src/timer_irq.o
UART0Status         0x4               ./src/uart.o

Discarded input sections

 .text          0x00000000        0x0 ./src/cr_startup_lpc175x_6x.o
 .data          0x00000000        0x0 ./src/cr_startup_lpc175x_6x.o
 .bss           0x00000000        0x0 ./src/cr_startup_lpc175x_6x.o
 .text          0x00000000        0x0 ./src/crp.o
 .data          0x00000000        0x0 ./src/crp.o
 .bss           0x00000000        0x0 ./src/crp.o
 .text          0x00000000        0x0 ./src/leds.o
 .data          0x00000000        0x0 ./src/leds.o
 .bss           0x00000000        0x0 ./src/leds.o
 .text.led2_on  0x00000000       0x18 ./src/leds.o
 .text.led2_off
                0x00000000       0x18 ./src/leds.o
 .text          0x00000000        0x0 ./src/main.o
 .data          0x00000000        0x0 ./src/main.o
 .bss           0x00000000        0x0 ./src/main.o
 .text          0x00000000        0x0 ./src/timer.o
 .data          0x00000000        0x0 ./src/timer.o
 .bss           0x00000000        0x0 ./src/timer.o
 .text.enable_timer
                0x00000000       0x68 ./src/timer.o
 .text.disable_timer
                0x00000000       0x68 ./src/timer.o
 .text.reset_timer
                0x00000000       0xac ./src/timer.o
 .text          0x00000000        0x0 ./src/timer_irq.o
 .data          0x00000000        0x0 ./src/timer_irq.o
 .bss           0x00000000        0x0 ./src/timer_irq.o
 .text          0x00000000        0x0 ./src/uart.o
 .data          0x00000000        0x0 ./src/uart.o
 .bss           0x00000000        0x0 ./src/uart.o
 .text          0x00000000        0x0 C:\Users\Anonymous\Documents\GitHub\LPC1769\CMSISv2_LPC17xx\Debug\libCMSISv2_LPC17xx.a(system_LPC17xx.o)
 .bss           0x00000000        0x0 C:\Users\Anonymous\Documents\GitHub\LPC1769\CMSISv2_LPC17xx\Debug\libCMSISv2_LPC17xx.a(system_LPC17xx.o)
 .text          0x00000000        0x0 c:/nxp/lpcxpresso_6.1.2_177/lpcxpresso/tools/bin/../lib/gcc/arm-none-eabi/4.6.2/../../../../arm-none-eabi/lib/armv7-m\libcr_c.a(__weak__main.o)
 .data          0x00000000        0x0 c:/nxp/lpcxpresso_6.1.2_177/lpcxpresso/tools/bin/../lib/gcc/arm-none-eabi/4.6.2/../../../../arm-none-eabi/lib/armv7-m\libcr_c.a(__weak__main.o)
 .bss           0x00000000        0x0 c:/nxp/lpcxpresso_6.1.2_177/lpcxpresso/tools/bin/../lib/gcc/arm-none-eabi/4.6.2/../../../../arm-none-eabi/lib/armv7-m\libcr_c.a(__weak__main.o)

Memory Configuration

Name             Origin             Length             Attributes
MFlash512        0x00000000         0x00080000         xr
RamLoc32         0x10000000         0x00008000         xrw
RamAHB32         0x2007c000         0x00008000         xrw
*default*        0x00000000         0xffffffff

Linker script and memory map

LOAD ./src/cr_startup_lpc175x_6x.o
LOAD ./src/crp.o
LOAD ./src/leds.o
LOAD ./src/main.o
LOAD ./src/timer.o
LOAD ./src/timer_irq.o
LOAD ./src/uart.o
LOAD C:\Users\Anonymous\Documents\GitHub\LPC1769\CMSISv2_LPC17xx\Debug\libCMSISv2_LPC17xx.a
START GROUP
LOAD c:/nxp/lpcxpresso_6.1.2_177/lpcxpresso/tools/bin/../lib/gcc/arm-none-eabi/4.6.2/../../../../arm-none-eabi/lib/armv7-m\libcr_c.a
LOAD c:/nxp/lpcxpresso_6.1.2_177/lpcxpresso/tools/bin/../lib/gcc/arm-none-eabi/4.6.2/armv7-m\libcr_eabihelpers.a
END GROUP
                0x00080000                __top_MFlash512 = 0x80000
                0x10008000                __top_RamLoc32 = 0x10008000
                0x20084000                __top_RamAHB32 = 0x20084000

.text           0x00000000     0x11ac
 FILL mask 0xff
                0x00000000                __vectors_start__ = ABSOLUTE (.)
 *(.isr_vector)
 .isr_vector    0x00000000       0xcc ./src/cr_startup_lpc175x_6x.o
                0x00000000                g_pfnVectors
                0x000000cc                . = ALIGN (0x4)
                0x000000cc                __section_table_start = .
                0x000000cc                __data_section_table = .
                0x000000cc        0x4 LONG 0x11ac LOADADDR (.data)
                0x000000d0        0x4 LONG 0x10000000 ADDR (.data)
                0x000000d4        0x4 LONG 0x8 SIZEOF (.data)
                0x000000d8        0x4 LONG 0x11ac LOADADDR (.data_RAM2)
                0x000000dc        0x4 LONG 0x2007c000 ADDR (.data_RAM2)
                0x000000e0        0x4 LONG 0x0 SIZEOF (.data_RAM2)
                0x000000e4                __data_section_table_end = .
                0x000000e4                __bss_section_table = .
                0x000000e4        0x4 LONG 0x10000008 ADDR (.bss)
                0x000000e8        0x4 LONG 0xa4 SIZEOF (.bss)
                0x000000ec        0x4 LONG 0x2007c000 ADDR (.bss_RAM2)
                0x000000f0        0x4 LONG 0x0 SIZEOF (.bss_RAM2)
                0x000000f4                __bss_section_table_end = .
                0x000000f4                __section_table_end = .
 *(.after_vectors*)
 .after_vectors
                0x000000f4       0x78 ./src/cr_startup_lpc175x_6x.o
                0x000000f4                NMI_Handler
                0x000000f6                HardFault_Handler
                0x000000f8                MemManage_Handler
                0x000000fa                BusFault_Handler
                0x000000fc                UsageFault_Handler
                0x000000fe                SVC_Handler
                0x00000100                DebugMon_Handler
                0x00000102                PendSV_Handler
                0x00000106                data_init
                0x00000118                bss_init
                0x00000128                ResetISR
                0x00000168                CANActivity_IRQHandler
                0x00000168                EINT3_IRQHandler
                0x00000168                PWM1_IRQHandler
                0x00000168                IntDefaultHandler
                0x00000168                PLL0_IRQHandler
                0x00000168                CAN_IRQHandler
                0x00000168                PLL1_IRQHandler
                0x00000168                SSP0_IRQHandler
                0x00000168                USBActivity_IRQHandler
                0x00000168                I2C2_IRQHandler
                0x00000168                EINT2_IRQHandler
                0x00000168                SPI_IRQHandler
                0x00000168                I2C1_IRQHandler
                0x00000168                EINT1_IRQHandler
                0x00000168                UART2_IRQHandler
                0x00000168                ADC_IRQHandler
                0x00000168                SSP1_IRQHandler
                0x00000168                USB_IRQHandler
                0x00000168                BOD_IRQHandler
                0x00000168                I2C0_IRQHandler
                0x00000168                WDT_IRQHandler
                0x00000168                RIT_IRQHandler
                0x00000168                QEI_IRQHandler
                0x00000168                EINT0_IRQHandler
                0x00000168                RTC_IRQHandler
                0x00000168                DMA_IRQHandler
                0x00000168                I2S_IRQHandler
                0x00000168                UART3_IRQHandler
                0x00000168                MCPWM_IRQHandler
                0x00000168                ENET_IRQHandler
                0x000002fc                . = 0x2fc
 *fill*         0x0000016c      0x190 ff
                0x000002fc                PROVIDE (__CRP_WORD_START__, .)
 *(.crp)
 .crp           0x000002fc        0x4 ./src/crp.o
                0x000002fc                CRP_WORD
                0x00000300                PROVIDE (__CRP_WORD_END__, .)
                0x00000001                ASSERT (! ((__CRP_WORD_START__ == __CRP_WORD_END__)), Linker CRP Enabled, but no CRP_WORD provided within application)
 *(.text*)
 .text.led2_init
                0x00000300       0x3c ./src/leds.o
                0x00000300                led2_init
 .text.led2_invert
                0x0000033c       0x40 ./src/leds.o
                0x0000033c                led2_invert
 .text.NVIC_SetPriority
                0x0000037c       0x5c ./src/main.o
 .text.SysTick_Config
                0x000003d8       0x64 ./src/main.o
 .text.main     0x0000043c      0x144 ./src/main.o
                0x0000043c                main
 .text.NVIC_EnableIRQ
                0x00000580       0x38 ./src/timer.o
 .text.init_timer
                0x000005b8       0xec ./src/timer.o
                0x000005b8                init_timer
 .text.TIMER0_IRQHandler
                0x000006a4       0x2c ./src/timer_irq.o
                0x000006a4                TIMER0_IRQHandler
 .text.TIMER1_IRQHandler
                0x000006d0       0x30 ./src/timer_irq.o
                0x000006d0                TIMER1_IRQHandler
 .text.TIMER2_IRQHandler
                0x00000700       0x30 ./src/timer_irq.o
                0x00000700                TIMER2_IRQHandler
 .text.TIMER3_IRQHandler
                0x00000730       0x30 ./src/timer_irq.o
                0x00000730                TIMER3_IRQHandler
 .text.SysTick_Handler
                0x00000760       0x24 ./src/timer_irq.o
                0x00000760                SysTick_Handler
 .text.NVIC_EnableIRQ
                0x00000784       0x38 ./src/uart.o
 .text.UART0_IRQHandler
                0x000007bc      0x17c ./src/uart.o
                0x000007bc                UART0_IRQHandler
 .text.UART1_IRQHandler
                0x00000938      0x17c ./src/uart.o
                0x00000938                UART1_IRQHandler
 .text.UARTInit
                0x00000ab4      0x23c ./src/uart.o
                0x00000ab4                UARTInit
 .text.UARTSend
                0x00000cf0       0xb0 ./src/uart.o
                0x00000cf0                UARTSend
 .text.SystemInit
                0x00000da0      0x1e4 C:\Users\Anonymous\Documents\GitHub\LPC1769\CMSISv2_LPC17xx\Debug\libCMSISv2_LPC17xx.a(system_LPC17xx.o)
                0x00000da0                SystemInit
 .text.SystemClockUpdate
                0x00000f84      0x224 C:\Users\Anonymous\Documents\GitHub\LPC1769\CMSISv2_LPC17xx\Debug\libCMSISv2_LPC17xx.a(system_LPC17xx.o)
                0x00000f84                SystemClockUpdate
 .text.__weak_main
                0x000011a8        0x4 c:/nxp/lpcxpresso_6.1.2_177/lpcxpresso/tools/bin/../lib/gcc/arm-none-eabi/4.6.2/../../../../arm-none-eabi/lib/armv7-m\libcr_c.a(__weak__main.o)
                0x000011a8                __weak_main
                0x000011a8                __main
 *(.rodata .rodata.* .constdata .constdata.*)
                0x000011ac                . = ALIGN (0x4)

.glue_7         0x000011ac        0x0
 .glue_7        0x00000000        0x0 linker stubs

.glue_7t        0x000011ac        0x0
 .glue_7t       0x00000000        0x0 linker stubs

.vfp11_veneer   0x000011ac        0x0
 .vfp11_veneer  0x00000000        0x0 linker stubs

.v4_bx          0x000011ac        0x0
 .v4_bx         0x00000000        0x0 linker stubs

.ARM.extab
 *(.ARM.extab* .gnu.linkonce.armextab.*)
                0x000011ac                __exidx_start = .

.ARM.exidx
 *(.ARM.exidx* .gnu.linkonce.armexidx.*)
                0x000011ac                __exidx_end = .
                0x000011ac                _etext = .

.data_RAM2      0x2007c000        0x0 load address 0x000011ac
 FILL mask 0xff
 *(.data.$RAM2*)
 *(.data.$RamAHB32*)
                0x2007c000                . = ALIGN (0x4)

.uninit_RESERVED
                0x10000000        0x0
 *(.bss.$RESERVED*)
                0x10000000                . = ALIGN (0x4)
                0x10000000                _end_uninit_RESERVED = .

.data           0x10000000        0x8 load address 0x000011ac
 FILL mask 0xff
                0x10000000                _data = .
 *(vtable)
 *(.data*)
 .data.UART0TxEmpty
                0x10000000        0x1 ./src/uart.o
                0x10000000                UART0TxEmpty
 .data.UART1TxEmpty
                0x10000001        0x1 ./src/uart.o
                0x10000001                UART1TxEmpty
 *fill*         0x10000002        0x2 00
 .data          0x10000004        0x4 C:\Users\Anonymous\Documents\GitHub\LPC1769\CMSISv2_LPC17xx\Debug\libCMSISv2_LPC17xx.a(system_LPC17xx.o)
                0x10000004                SystemFrequency
                0x10000008                . = ALIGN (0x4)
                0x10000008                _edata = .

.bss_RAM2       0x2007c000        0x0
 *(.bss.$RAM2*)
 *(.bss.$RamAHB32*)
                0x2007c000                . = ALIGN (0x4)

.bss            0x10000008       0xa4
                0x10000008                _bss = .
 *(.bss*)
 .bss.timer0_counter
                0x10000008        0x4 ./src/timer.o
                0x10000008                timer0_counter
 .bss.timer1_counter
                0x1000000c        0x4 ./src/timer.o
                0x1000000c                timer1_counter
 .bss.timer2_counter
                0x10000010        0x4 ./src/timer.o
                0x10000010                timer2_counter
 .bss.timer3_counter
                0x10000014        0x4 ./src/timer.o
                0x10000014                timer3_counter
 .bss.UART0Count
                0x10000018        0x4 ./src/uart.o
                0x10000018                UART0Count
 .bss.UART1Count
                0x1000001c        0x4 ./src/uart.o
                0x1000001c                UART1Count
 *(COMMON)
 COMMON         0x10000020        0x4 ./src/timer_irq.o
                0x10000020                msTicks
 COMMON         0x10000024       0x88 ./src/uart.o
                0x10000024                UART1Buffer
                0x10000064                UART0Buffer
                0x100000a4                UART1Status
                0x100000a8                UART0Status
                0x100000ac                . = ALIGN (0x4)
                0x100000ac                _ebss = .
                0x100000ac                PROVIDE (end, .)

.noinit_RAM2    0x2007c000        0x0
 *(.noinit.$RAM2*)
 *(.noinit.$RamAHB32*)
                0x2007c000                . = ALIGN (0x4)

.noinit         0x100000ac        0x0
                0x100000ac                _noinit = .
 *(.noinit*)
                0x100000ac                . = ALIGN (0x4)
                0x100000ac                _end_noinit = .
                0x100000ac                PROVIDE (_pvHeapStart, .)
                0x10008000                PROVIDE (_vStackTop, (__top_RamLoc32 - 0x0))
OUTPUT(UART_HC6.axf elf32-littlearm)

.debug_info     0x00000000     0x298b
 .debug_info    0x00000000      0x29e ./src/cr_startup_lpc175x_6x.o
 .debug_info    0x0000029e       0x48 ./src/crp.o
 .debug_info    0x000002e6      0x5a7 ./src/leds.o
 .debug_info    0x0000088d      0x8b5 ./src/main.o
 .debug_info    0x00001142      0x584 ./src/timer.o
 .debug_info    0x000016c6      0x2aa ./src/timer_irq.o
 .debug_info    0x00001970      0xc93 ./src/uart.o
 .debug_info    0x00002603      0x388 C:\Users\Anonymous\Documents\GitHub\LPC1769\CMSISv2_LPC17xx\Debug\libCMSISv2_LPC17xx.a(system_LPC17xx.o)

.debug_abbrev   0x00000000      0x891
 .debug_abbrev  0x00000000      0x120 ./src/cr_startup_lpc175x_6x.o
 .debug_abbrev  0x00000120       0x39 ./src/crp.o
 .debug_abbrev  0x00000159       0xfc ./src/leds.o
 .debug_abbrev  0x00000255      0x172 ./src/main.o
 .debug_abbrev  0x000003c7      0x15a ./src/timer.o
 .debug_abbrev  0x00000521       0xca ./src/timer_irq.o
 .debug_abbrev  0x000005eb      0x1c3 ./src/uart.o
 .debug_abbrev  0x000007ae       0xe3 C:\Users\Anonymous\Documents\GitHub\LPC1769\CMSISv2_LPC17xx\Debug\libCMSISv2_LPC17xx.a(system_LPC17xx.o)

.debug_loc      0x00000000      0x5ca
 .debug_loc     0x00000000      0x102 ./src/cr_startup_lpc175x_6x.o
 .debug_loc     0x00000102       0xbc ./src/leds.o
 .debug_loc     0x000001be       0x9c ./src/main.o
 .debug_loc     0x0000025a      0x118 ./src/timer.o
 .debug_loc     0x00000372       0xdc ./src/timer_irq.o
 .debug_loc     0x0000044e      0x118 ./src/uart.o
 .debug_loc     0x00000566       0x64 C:\Users\Anonymous\Documents\GitHub\LPC1769\CMSISv2_LPC17xx\Debug\libCMSISv2_LPC17xx.a(system_LPC17xx.o)

.debug_aranges  0x00000000      0x1d0
 .debug_aranges
                0x00000000       0x80 ./src/cr_startup_lpc175x_6x.o
 .debug_aranges
                0x00000080       0x38 ./src/leds.o
 .debug_aranges
                0x000000b8       0x30 ./src/main.o
 .debug_aranges
                0x000000e8       0x40 ./src/timer.o
 .debug_aranges
                0x00000128       0x40 ./src/timer_irq.o
 .debug_aranges
                0x00000168       0x40 ./src/uart.o
 .debug_aranges
                0x000001a8       0x28 C:\Users\Anonymous\Documents\GitHub\LPC1769\CMSISv2_LPC17xx\Debug\libCMSISv2_LPC17xx.a(system_LPC17xx.o)

.debug_ranges   0x00000000      0x160
 .debug_ranges  0x00000000       0x70 ./src/cr_startup_lpc175x_6x.o
 .debug_ranges  0x00000070       0x28 ./src/leds.o
 .debug_ranges  0x00000098       0x20 ./src/main.o
 .debug_ranges  0x000000b8       0x30 ./src/timer.o
 .debug_ranges  0x000000e8       0x30 ./src/timer_irq.o
 .debug_ranges  0x00000118       0x30 ./src/uart.o
 .debug_ranges  0x00000148       0x18 C:\Users\Anonymous\Documents\GitHub\LPC1769\CMSISv2_LPC17xx\Debug\libCMSISv2_LPC17xx.a(system_LPC17xx.o)

.debug_line     0x00000000     0x1a7a
 .debug_line    0x00000000       0xae ./src/cr_startup_lpc175x_6x.o
 .debug_line    0x000000ae       0xac ./src/crp.o
 .debug_line    0x0000015a      0x3f7 ./src/leds.o
 .debug_line    0x00000551      0x440 ./src/main.o
 .debug_line    0x00000991      0x444 ./src/timer.o
 .debug_line    0x00000dd5      0x41e ./src/timer_irq.o
 .debug_line    0x000011f3      0x49e ./src/uart.o
 .debug_line    0x00001691      0x3e9 C:\Users\Anonymous\Documents\GitHub\LPC1769\CMSISv2_LPC17xx\Debug\libCMSISv2_LPC17xx.a(system_LPC17xx.o)

.debug_macinfo  0x00000000    0x248a3
 .debug_macinfo
                0x00000000     0x2326 ./src/cr_startup_lpc175x_6x.o
 .debug_macinfo
                0x00002326     0x23a7 ./src/crp.o
 .debug_macinfo
                0x000046cd     0x5457 ./src/leds.o
 .debug_macinfo
                0x00009b24     0x593f ./src/main.o
 .debug_macinfo
                0x0000f463     0x5459 ./src/timer.o
 .debug_macinfo
                0x000148bc     0x5468 ./src/timer_irq.o
 .debug_macinfo
                0x00019d24     0x555d ./src/uart.o
 .debug_macinfo
                0x0001f281     0x5622 C:\Users\Anonymous\Documents\GitHub\LPC1769\CMSISv2_LPC17xx\Debug\libCMSISv2_LPC17xx.a(system_LPC17xx.o)

.debug_str      0x00000000      0xbe3
 .debug_str     0x00000000      0x1fe ./src/cr_startup_lpc175x_6x.o
                                0x211 (size before relaxing)
 .debug_str     0x000001fe       0x16 ./src/crp.o
                                 0xa7 (size before relaxing)
 .debug_str     0x00000214      0x2f0 ./src/leds.o
                                0x396 (size before relaxing)
 .debug_str     0x00000504      0x38b ./src/main.o
                                0x4ad (size before relaxing)
 .debug_str     0x0000088f       0xc0 ./src/timer.o
                                0x43b (size before relaxing)
 .debug_str     0x0000094f       0x5b ./src/timer_irq.o
                                0x1de (size before relaxing)
 .debug_str     0x000009aa      0x1d6 ./src/uart.o
                                0x6e9 (size before relaxing)
 .debug_str     0x00000b80       0x63 C:\Users\Anonymous\Documents\GitHub\LPC1769\CMSISv2_LPC17xx\Debug\libCMSISv2_LPC17xx.a(system_LPC17xx.o)
                                0x288 (size before relaxing)

.comment        0x00000000       0x70
 .comment       0x00000000       0x70 ./src/cr_startup_lpc175x_6x.o
                                 0x71 (size before relaxing)
 .comment       0x00000000       0x71 ./src/crp.o
 .comment       0x00000000       0x71 ./src/leds.o
 .comment       0x00000000       0x71 ./src/main.o
 .comment       0x00000000       0x71 ./src/timer.o
 .comment       0x00000000       0x71 ./src/timer_irq.o
 .comment       0x00000000       0x71 ./src/uart.o
 .comment       0x00000000       0x71 C:\Users\Anonymous\Documents\GitHub\LPC1769\CMSISv2_LPC17xx\Debug\libCMSISv2_LPC17xx.a(system_LPC17xx.o)
 .comment       0x00000000       0x71 c:/nxp/lpcxpresso_6.1.2_177/lpcxpresso/tools/bin/../lib/gcc/arm-none-eabi/4.6.2/../../../../arm-none-eabi/lib/armv7-m\libcr_c.a(__weak__main.o)

.ARM.attributes
                0x00000000       0x33
 .ARM.attributes
                0x00000000       0x33 ./src/cr_startup_lpc175x_6x.o
 .ARM.attributes
                0x00000033       0x33 ./src/crp.o
 .ARM.attributes
                0x00000066       0x33 ./src/leds.o
 .ARM.attributes
                0x00000099       0x33 ./src/main.o
 .ARM.attributes
                0x000000cc       0x33 ./src/timer.o
 .ARM.attributes
                0x000000ff       0x33 ./src/timer_irq.o
 .ARM.attributes
                0x00000132       0x33 ./src/uart.o
 .ARM.attributes
                0x00000165       0x33 C:\Users\Anonymous\Documents\GitHub\LPC1769\CMSISv2_LPC17xx\Debug\libCMSISv2_LPC17xx.a(system_LPC17xx.o)
 .ARM.attributes
                0x00000198       0x33 c:/nxp/lpcxpresso_6.1.2_177/lpcxpresso/tools/bin/../lib/gcc/arm-none-eabi/4.6.2/../../../../arm-none-eabi/lib/armv7-m\libcr_c.a(__weak__main.o)

.debug_frame    0x00000000      0x3ec
 .debug_frame   0x00000000       0xf4 ./src/cr_startup_lpc175x_6x.o
 .debug_frame   0x000000f4       0x74 ./src/leds.o
 .debug_frame   0x00000168       0x68 ./src/main.o
 .debug_frame   0x000001d0       0xa0 ./src/timer.o
 .debug_frame   0x00000270       0x98 ./src/timer_irq.o
 .debug_frame   0x00000308       0xa0 ./src/uart.o
 .debug_frame   0x000003a8       0x44 C:\Users\Anonymous\Documents\GitHub\LPC1769\CMSISv2_LPC17xx\Debug\libCMSISv2_LPC17xx.a(system_LPC17xx.o)
