12:38:31 **** Clean-only build of configuration Debug for project CMSISv2_LPC17xx ****
make clean 
rm -rf  ./src/core_cm3.o ./src/system_LPC17xx.o  ./src/core_cm3.d ./src/system_LPC17xx.d  libCMSISv2_LPC17xx.a
 
12:38:31 **** Build of configuration Debug for project CMSISv2_LPC17xx ****
make all 
Building file: ../src/core_cm3.c
Invoking: MCU C Compiler
arm-none-eabi-gcc -DDEBUG -D__CODE_RED -D__REDLIB__ -I"C:\LPC1769\LPC1769\CMSISv2_LPC17xx\inc" -O0 -g3 -Wall -c -fmessage-length=0 -fno-builtin -ffunction-sections -mcpu=cortex-m3 -mthumb -MMD -MP -MF"src/core_cm3.d" -MT"src/core_cm3.d" -o "src/core_cm3.o" "../src/core_cm3.c"
Finished building: ../src/core_cm3.c
 
Building file: ../src/system_LPC17xx.c
Invoking: MCU C Compiler
arm-none-eabi-gcc -DDEBUG -D__CODE_RED -D__REDLIB__ -I"C:\LPC1769\LPC1769\CMSISv2_LPC17xx\inc" -O0 -g3 -Wall -c -fmessage-length=0 -fno-builtin -ffunction-sections -mcpu=cortex-m3 -mthumb -MMD -MP -MF"src/system_LPC17xx.d" -MT"src/system_LPC17xx.d" -o "src/system_LPC17xx.o" "../src/system_LPC17xx.c"
Finished building: ../src/system_LPC17xx.c
 
Building target: libCMSISv2_LPC17xx.a
Invoking: MCU Archiver
arm-none-eabi-ar -r  "libCMSISv2_LPC17xx.a"  ./src/core_cm3.o ./src/system_LPC17xx.o   
c:\nxp\LPCXpresso_6.1.4_194\lpcxpresso\tools\bin\arm-none-eabi-ar.exe: creating libCMSISv2_LPC17xx.a
Finished building target: libCMSISv2_LPC17xx.a
 
make --no-print-directory post-build
Performing post-build steps
arm-none-eabi-size libCMSISv2_LPC17xx.a ; # arm-none-eabi-objdump -h -S libCMSISv2_LPC17xx.a >libCMSISv2_LPC17xx.lss
   text	   data	    bss	    dec	    hex	filename
    652	      0	      0	    652	    28c	core_cm3.o (ex libCMSISv2_LPC17xx.a)
   1032	      4	      0	   1036	    40c	system_LPC17xx.o (ex libCMSISv2_LPC17xx.a)
 
12:38:32 **** Clean-only build of configuration Debug for project UART ****
make clean 
rm -rf  ./src/cr_startup_lpc176x.o ./src/uart.o ./src/uarttest.o  ./src/cr_startup_lpc176x.d ./src/uart.d ./src/uarttest.d  UART.axf
 
12:38:33 **** Build of configuration Debug for project UART ****
make all 
Building file: ../src/cr_startup_lpc176x.c
Invoking: MCU C Compiler
arm-none-eabi-gcc -D__REDLIB__ -DDEBUG -D__CODE_RED -D__USE_CMSIS=CMSISv2_LPC17xx -I"C:\LPC1769\LPC1769\CMSISv2_LPC17xx\inc" -O0 -Os -g3 -Wall -c -fmessage-length=0 -fno-builtin -ffunction-sections -fdata-sections -mcpu=cortex-m3 -mthumb -MMD -MP -MF"src/cr_startup_lpc176x.d" -MT"src/cr_startup_lpc176x.d" -o "src/cr_startup_lpc176x.o" "../src/cr_startup_lpc176x.c"
Finished building: ../src/cr_startup_lpc176x.c
 
Building file: ../src/uart.c
Invoking: MCU C Compiler
arm-none-eabi-gcc -D__REDLIB__ -DDEBUG -D__CODE_RED -D__USE_CMSIS=CMSISv2_LPC17xx -I"C:\LPC1769\LPC1769\CMSISv2_LPC17xx\inc" -O0 -g3 -Wall -c -fmessage-length=0 -fno-builtin -ffunction-sections -fdata-sections -mcpu=cortex-m3 -mthumb -MMD -MP -MF"src/uart.d" -MT"src/uart.d" -o "src/uart.o" "../src/uart.c"
Finished building: ../src/uart.c
 
Building file: ../src/uarttest.c
Invoking: MCU C Compiler
arm-none-eabi-gcc -D__REDLIB__ -DDEBUG -D__CODE_RED -D__USE_CMSIS=CMSISv2_LPC17xx -I"C:\LPC1769\LPC1769\CMSISv2_LPC17xx\inc" -O0 -g3 -Wall -c -fmessage-length=0 -fno-builtin -ffunction-sections -fdata-sections -mcpu=cortex-m3 -mthumb -MMD -MP -MF"src/uarttest.d" -MT"src/uarttest.d" -o "src/uarttest.o" "../src/uarttest.c"
Finished building: ../src/uarttest.c
 
Building target: UART.axf
Invoking: MCU Linker
arm-none-eabi-gcc -nostdlib -L"C:\LPC1769\LPC1769\CMSISv2_LPC17xx\Debug" -Xlinker -Map=UART.map -Xlinker --gc-sections -mcpu=cortex-m3 -mthumb -T "UART_Debug.ld" -o "UART.axf"  ./src/cr_startup_lpc176x.o ./src/uart.o ./src/uarttest.o   -lCMSISv2_LPC17xx
Finished building target: UART.axf
 
make --no-print-directory post-build
Performing post-build steps
arm-none-eabi-size UART.axf; # arm-none-eabi-objcopy -O binary UART.axf UART.bin ; checksum -p LPC1769 -d UART.bin;
   text	   data	    bss	    dec	    hex	filename
   5380	      8	    480	   5868	   16ec	UART.axf
 
