12:36:57 **** Build of configuration Debug for project LPCX176x_cmsis2_systick ****
make all 
Building file: ../src/cr_startup_lpc176x.c
Invoking: MCU C Compiler
arm-none-eabi-gcc -D__USE_CMSIS=CMSISv2p00_LPC17xx -DDEBUG -D__CODE_RED -D__REDLIB__ -I"C:\LPC1769\LPC1769\CMSISv2p00_LPC17xx\inc" -O0 -Os -g3 -Wall -c -fmessage-length=0 -fno-builtin -ffunction-sections -fdata-sections -mcpu=cortex-m3 -mthumb -MMD -MP -MF"src/cr_startup_lpc176x.d" -MT"src/cr_startup_lpc176x.d" -o "src/cr_startup_lpc176x.o" "../src/cr_startup_lpc176x.c"
Finished building: ../src/cr_startup_lpc176x.c
 
Building file: ../src/leds.c
Invoking: MCU C Compiler
arm-none-eabi-gcc -D__USE_CMSIS=CMSISv2p00_LPC17xx -DDEBUG -D__CODE_RED -D__REDLIB__ -I"C:\LPC1769\LPC1769\CMSISv2p00_LPC17xx\inc" -O0 -g3 -Wall -c -fmessage-length=0 -fno-builtin -ffunction-sections -fdata-sections -mcpu=cortex-m3 -mthumb -MMD -MP -MF"src/leds.d" -MT"src/leds.d" -o "src/leds.o" "../src/leds.c"
Finished building: ../src/leds.c
 
Building file: ../src/systick_main.c
Invoking: MCU C Compiler
arm-none-eabi-gcc -D__USE_CMSIS=CMSISv2p00_LPC17xx -DDEBUG -D__CODE_RED -D__REDLIB__ -I"C:\LPC1769\LPC1769\CMSISv2p00_LPC17xx\inc" -O0 -g3 -Wall -c -fmessage-length=0 -fno-builtin -ffunction-sections -fdata-sections -mcpu=cortex-m3 -mthumb -MMD -MP -MF"src/systick_main.d" -MT"src/systick_main.d" -o "src/systick_main.o" "../src/systick_main.c"
Finished building: ../src/systick_main.c
 
Building target: LPCX176x_cmsis2_systick.axf
Invoking: MCU Linker
arm-none-eabi-gcc -nostdlib -L"C:\LPC1769\LPC1769\CMSISv2p00_LPC17xx\Debug" -Xlinker -Map=LPCX176x_cmsis2_systick.map -Xlinker --gc-sections -mcpu=cortex-m3 -mthumb -T "LPCXpresso1768_systick_Debug.ld" -o "LPCX176x_cmsis2_systick.axf"  ./src/cr_startup_lpc176x.o ./src/leds.o ./src/systick_main.o   -lCMSISv2p00_LPC17xx
Finished building target: LPCX176x_cmsis2_systick.axf
 
make --no-print-directory post-build
Performing post-build steps
arm-none-eabi-size LPCX176x_cmsis2_systick.axf; # arm-none-eabi-objcopy -O binary LPCX176x_cmsis2_systick.axf LPCX176x_cmsis2_systick.bin ; checksum -d LPCX176x_cmsis2_systick.bin;
   text	   data	    bss	    dec	    hex	filename
   1520	      4	      8	   1532	    5fc	LPCX176x_cmsis2_systick.axf
 

12:36:57 Build Finished (took 654ms)

