12:36:59 **** Build of configuration Debug for project LPCX176x_cmsis2_systick_twinkle ****
make all 
Building file: ../src/cr_startup_lpc176x.c
Invoking: MCU C Compiler
arm-none-eabi-gcc -D__USE_CMSIS=CMSISv2p00_LPC17xx -DDEBUG -D__CODE_RED -D__REDLIB__ -I"C:\LPC1769\LPC1769\CMSISv2p00_LPC17xx\inc" -O0 -Os -g3 -Wall -c -fmessage-length=0 -fno-builtin -ffunction-sections -fdata-sections -mcpu=cortex-m3 -mthumb -MMD -MP -MF"src/cr_startup_lpc176x.d" -MT"src/cr_startup_lpc176x.d" -o "src/cr_startup_lpc176x.o" "../src/cr_startup_lpc176x.c"
Finished building: ../src/cr_startup_lpc176x.c
 
Building file: ../src/leds.c
Invoking: MCU C Compiler
arm-none-eabi-gcc -D__USE_CMSIS=CMSISv2p00_LPC17xx -DDEBUG -D__CODE_RED -D__REDLIB__ -I"C:\LPC1769\LPC1769\CMSISv2p00_LPC17xx\inc" -O0 -g3 -Wall -c -fmessage-length=0 -fno-builtin -ffunction-sections -fdata-sections -mcpu=cortex-m3 -mthumb -MMD -MP -MF"src/leds.d" -MT"src/leds.d" -o "src/leds.o" "../src/leds.c"
Finished building: ../src/leds.c
 
Building file: ../src/systick_twinkle.c
Invoking: MCU C Compiler
arm-none-eabi-gcc -D__USE_CMSIS=CMSISv2p00_LPC17xx -DDEBUG -D__CODE_RED -D__REDLIB__ -I"C:\LPC1769\LPC1769\CMSISv2p00_LPC17xx\inc" -O0 -g3 -Wall -c -fmessage-length=0 -fno-builtin -ffunction-sections -fdata-sections -mcpu=cortex-m3 -mthumb -MMD -MP -MF"src/systick_twinkle.d" -MT"src/systick_twinkle.d" -o "src/systick_twinkle.o" "../src/systick_twinkle.c"
Finished building: ../src/systick_twinkle.c
 
Building target: LPCX176x_cmsis2_systick_twinkle.axf
Invoking: MCU Linker
arm-none-eabi-gcc -nostdlib -L"C:\LPC1769\LPC1769\CMSISv2p00_LPC17xx\Debug" -Xlinker -Map=LPCX176x_cmsis2_systick_twinkle.map -Xlinker --gc-sections -mcpu=cortex-m3 -mthumb -T "LPCXpresso1768_systick_twinkle_Debug.ld" -o "LPCX176x_cmsis2_systick_twinkle.axf"  ./src/cr_startup_lpc176x.o ./src/leds.o ./src/systick_twinkle.o   -lCMSISv2p00_LPC17xx
Finished building target: LPCX176x_cmsis2_systick_twinkle.axf
 
make --no-print-directory post-build
Performing post-build steps
arm-none-eabi-size LPCX176x_cmsis2_systick_twinkle.axf; # arm-none-eabi-objcopy -O binary LPCX176x_cmsis2_systick_twinkle.axf LPCX176x_cmsis2_systick_twinkle.bin ; checksum -d LPCX176x_cmsis2_systick_twinkle.bin;
   text	   data	    bss	    dec	    hex	filename
   1716	      8	     24	   1748	    6d4	LPCX176x_cmsis2_systick_twinkle.axf
 

12:36:59 Build Finished (took 652ms)

