12:37:01 **** Build of configuration Debug for project LPCX176x_cmsis2_timers ****
make all 
Building file: ../src/cr_startup_lpc176x.c
Invoking: MCU C Compiler
arm-none-eabi-gcc -D__REDLIB__ -DDEBUG -D__CODE_RED -D__USE_CMSIS=CMSISv2p00_LPC17xx -I"C:\LPC1769\LPC1769\CMSISv2p00_LPC17xx\inc" -O0 -Os -g3 -Wall -c -fmessage-length=0 -fno-builtin -ffunction-sections -fdata-sections -mcpu=cortex-m3 -mthumb -MMD -MP -MF"src/cr_startup_lpc176x.d" -MT"src/cr_startup_lpc176x.d" -o "src/cr_startup_lpc176x.o" "../src/cr_startup_lpc176x.c"
Finished building: ../src/cr_startup_lpc176x.c
 
Building file: ../src/leds.c
Invoking: MCU C Compiler
arm-none-eabi-gcc -D__REDLIB__ -DDEBUG -D__CODE_RED -D__USE_CMSIS=CMSISv2p00_LPC17xx -I"C:\LPC1769\LPC1769\CMSISv2p00_LPC17xx\inc" -O0 -g3 -Wall -c -fmessage-length=0 -fno-builtin -ffunction-sections -fdata-sections -mcpu=cortex-m3 -mthumb -MMD -MP -MF"src/leds.d" -MT"src/leds.d" -o "src/leds.o" "../src/leds.c"
Finished building: ../src/leds.c
 
Building file: ../src/timer.c
Invoking: MCU C Compiler
arm-none-eabi-gcc -D__REDLIB__ -DDEBUG -D__CODE_RED -D__USE_CMSIS=CMSISv2p00_LPC17xx -I"C:\LPC1769\LPC1769\CMSISv2p00_LPC17xx\inc" -O0 -g3 -Wall -c -fmessage-length=0 -fno-builtin -ffunction-sections -fdata-sections -mcpu=cortex-m3 -mthumb -MMD -MP -MF"src/timer.d" -MT"src/timer.d" -o "src/timer.o" "../src/timer.c"
Finished building: ../src/timer.c
 
Building file: ../src/timer_irq.c
Invoking: MCU C Compiler
arm-none-eabi-gcc -D__REDLIB__ -DDEBUG -D__CODE_RED -D__USE_CMSIS=CMSISv2p00_LPC17xx -I"C:\LPC1769\LPC1769\CMSISv2p00_LPC17xx\inc" -O0 -g3 -Wall -c -fmessage-length=0 -fno-builtin -ffunction-sections -fdata-sections -mcpu=cortex-m3 -mthumb -MMD -MP -MF"src/timer_irq.d" -MT"src/timer_irq.d" -o "src/timer_irq.o" "../src/timer_irq.c"
Finished building: ../src/timer_irq.c
 
Building file: ../src/timer_main.c
Invoking: MCU C Compiler
arm-none-eabi-gcc -D__REDLIB__ -DDEBUG -D__CODE_RED -D__USE_CMSIS=CMSISv2p00_LPC17xx -I"C:\LPC1769\LPC1769\CMSISv2p00_LPC17xx\inc" -O0 -g3 -Wall -c -fmessage-length=0 -fno-builtin -ffunction-sections -fdata-sections -mcpu=cortex-m3 -mthumb -MMD -MP -MF"src/timer_main.d" -MT"src/timer_main.d" -o "src/timer_main.o" "../src/timer_main.c"
Finished building: ../src/timer_main.c
 
Building target: LPCX176x_cmsis2_timers.axf
Invoking: MCU Linker
arm-none-eabi-gcc -nostdlib -L"C:\LPC1769\LPC1769\CMSISv2p00_LPC17xx\Debug" -Xlinker -Map=LPCX176x_cmsis2_timers.map -Xlinker --gc-sections -mcpu=cortex-m3 -mthumb -T "LPCXpresso176x_timers_Debug.ld" -o "LPCX176x_cmsis2_timers.axf"  ./src/cr_startup_lpc176x.o ./src/leds.o ./src/timer.o ./src/timer_irq.o ./src/timer_main.o   -lCMSISv2p00_LPC17xx
Finished building target: LPCX176x_cmsis2_timers.axf
 
make --no-print-directory post-build
Performing post-build steps
arm-none-eabi-size LPCX176x_cmsis2_timers.axf; # arm-none-eabi-objcopy -O binary LPCX176x_cmsis2_timers.axf LPCX176x_cmsis2_timers.bin ; checksum -p LPC1768 -d LPCX176x_cmsis2_timers.bin;
   text	   data	    bss	    dec	    hex	filename
   2036	      4	     20	   2060	    80c	LPCX176x_cmsis2_timers.axf
 

12:37:02 Build Finished (took 955ms)

